// Jest Snapshot v1, https://goo.gl/fbAQLP

exports[`renders correctly 1`] = `
<button
  className="jsx-2338278291 button"
  onClick={[Function]}
>
  Hello!
</button>
`;
