// Jest Snapshot v1, https://goo.gl/fbAQLP

exports[`Calendar renders correctly 1`] = `
<div
  className="jsx-1398186111 calendar"
>
  <div
    className="jsx-3590812337"
  >
    <div
      className="jsx-1167149914 navigation"
    >
      <button
        className="jsx-1167149914 prev"
        onClick={[Function]}
      >
        <i
          className="material-icons 36 md-dark "
          style={
            Object {
              "color": "#666",
              "fontSize": 36,
            }
          }
        >
          navigate_before
        </i>
      </button>
      <div
        className="jsx-1167149914 navigation__month"
      >
        March
        <span
          className="jsx-1167149914"
        >
          Â·
        </span>
        2018
      </div>
      <button
        className="jsx-1167149914 next"
        onClick={[Function]}
      >
        <i
          className="material-icons 36 md-dark "
          style={
            Object {
              "color": "#666",
              "fontSize": 36,
            }
          }
        >
          navigate_next
        </i>
      </button>
    </div>
    <ul
      className="jsx-3590812337 weekdays"
    >
      <li
        className="jsx-3590812337 weekdays__item"
      >
        Sun
      </li>
      <li
        className="jsx-3590812337 weekdays__item"
      >
        Mon
      </li>
      <li
        className="jsx-3590812337 weekdays__item"
      >
        Tue
      </li>
      <li
        className="jsx-3590812337 weekdays__item"
      >
        Wed
      </li>
      <li
        className="jsx-3590812337 weekdays__item"
      >
        Thu
      </li>
      <li
        className="jsx-3590812337 weekdays__item"
      >
        Fri
      </li>
      <li
        className="jsx-3590812337 weekdays__item"
      >
        Sat
      </li>
    </ul>
  </div>
  <ul
    className="jsx-893175612 month"
  >
    <li
      className="jsx-893175612"
    >
      <button
        className="jsx-1058092368 day day--disabled"
        data-day="2018-02-25"
        onClick={[Function]}
        type="button"
      >
        <span
          className="jsx-1058092368 day__border"
        >
          25
        </span>
      </button>
    </li>
    <li
      className="jsx-893175612"
    >
      <button
        className="jsx-1058092368 day day--disabled"
        data-day="2018-02-26"
        onClick={[Function]}
        type="button"
      >
        <span
          className="jsx-1058092368 day__border"
        >
          26
        </span>
      </button>
    </li>
    <li
      className="jsx-893175612"
    >
      <button
        className="jsx-1058092368 day day--disabled"
        data-day="2018-02-27"
        onClick={[Function]}
        type="button"
      >
        <span
          className="jsx-1058092368 day__border"
        >
          27
        </span>
      </button>
    </li>
    <li
      className="jsx-893175612"
    >
      <button
        className="jsx-1058092368 day day--disabled"
        data-day="2018-02-28"
        onClick={[Function]}
        type="button"
      >
        <span
          className="jsx-1058092368 day__border"
        >
          28
        </span>
      </button>
    </li>
    <li
      className="jsx-893175612"
    >
      <button
        className="jsx-1058092368 day day--disabled"
        data-day="2018-03-01"
        onClick={[Function]}
        type="button"
      >
        <span
          className="jsx-1058092368 day__border"
        >
          1
        </span>
      </button>
    </li>
    <li
      className="jsx-893175612"
    >
      <button
        className="jsx-1058092368 day day--disabled"
        data-day="2018-03-02"
        onClick={[Function]}
        type="button"
      >
        <span
          className="jsx-1058092368 day__border"
        >
          2
        </span>
      </button>
    </li>
    <li
      className="jsx-893175612"
    >
      <button
        className="jsx-1058092368 day day--disabled"
        data-day="2018-03-03"
        onClick={[Function]}
        type="button"
      >
        <span
          className="jsx-1058092368 day__border"
        >
          3
        </span>
      </button>
    </li>
    <li
      className="jsx-893175612"
    >
      <button
        className="jsx-1058092368 day day--disabled"
        data-day="2018-03-04"
        onClick={[Function]}
        type="button"
      >
        <span
          className="jsx-1058092368 day__border"
        >
          4
        </span>
      </button>
    </li>
    <li
      className="jsx-893175612"
    >
      <button
        className="jsx-1058092368 day day--disabled"
        data-day="2018-03-05"
        onClick={[Function]}
        type="button"
      >
        <span
          className="jsx-1058092368 day__border"
        >
          5
        </span>
      </button>
    </li>
    <li
      className="jsx-893175612"
    >
      <button
        className="jsx-1058092368 day day--disabled"
        data-day="2018-03-06"
        onClick={[Function]}
        type="button"
      >
        <span
          className="jsx-1058092368 day__border"
        >
          6
        </span>
      </button>
    </li>
    <li
      className="jsx-893175612"
    >
      <button
        className="jsx-1058092368 day day--disabled"
        data-day="2018-03-07"
        onClick={[Function]}
        type="button"
      >
        <span
          className="jsx-1058092368 day__border"
        >
          7
        </span>
      </button>
    </li>
    <li
      className="jsx-893175612"
    >
      <button
        className="jsx-1058092368 day day--disabled"
        data-day="2018-03-08"
        onClick={[Function]}
        type="button"
      >
        <span
          className="jsx-1058092368 day__border"
        >
          8
        </span>
      </button>
    </li>
    <li
      className="jsx-893175612"
    >
      <button
        className="jsx-1058092368 day day--disabled"
        data-day="2018-03-09"
        onClick={[Function]}
        type="button"
      >
        <span
          className="jsx-1058092368 day__border"
        >
          9
        </span>
      </button>
    </li>
    <li
      className="jsx-893175612"
    >
      <button
        className="jsx-1058092368 day day--disabled"
        data-day="2018-03-10"
        onClick={[Function]}
        type="button"
      >
        <span
          className="jsx-1058092368 day__border"
        >
          10
        </span>
      </button>
    </li>
    <li
      className="jsx-893175612"
    >
      <button
        className="jsx-1058092368 day day--disabled"
        data-day="2018-03-11"
        onClick={[Function]}
        type="button"
      >
        <span
          className="jsx-1058092368 day__border"
        >
          11
        </span>
      </button>
    </li>
    <li
      className="jsx-893175612"
    >
      <button
        className="jsx-1058092368 day day--disabled"
        data-day="2018-03-12"
        onClick={[Function]}
        type="button"
      >
        <span
          className="jsx-1058092368 day__border"
        >
          12
        </span>
      </button>
    </li>
    <li
      className="jsx-893175612"
    >
      <button
        className="jsx-1058092368 day day--disabled"
        data-day="2018-03-13"
        onClick={[Function]}
        type="button"
      >
        <span
          className="jsx-1058092368 day__border"
        >
          13
        </span>
      </button>
    </li>
    <li
      className="jsx-893175612"
    >
      <button
        className="jsx-1058092368 day day--disabled"
        data-day="2018-03-14"
        onClick={[Function]}
        type="button"
      >
        <span
          className="jsx-1058092368 day__border"
        >
          14
        </span>
      </button>
    </li>
    <li
      className="jsx-893175612"
    >
      <button
        className="jsx-1058092368 day day--selected day--has-events"
        data-day="2018-03-15"
        onClick={[Function]}
        type="button"
      >
        <span
          className="jsx-1058092368 day__border"
        >
          15
        </span>
        <ul
          className="jsx-341426170 events"
        >
          <li
            className="jsx-341426170 events__item"
          />
          <li
            className="jsx-341426170 events__item"
          />
          <li
            className="jsx-341426170 events__item"
          />
        </ul>
      </button>
    </li>
    <li
      className="jsx-893175612"
    >
      <button
        className="jsx-1058092368 day"
        data-day="2018-03-16"
        onClick={[Function]}
        type="button"
      >
        <span
          className="jsx-1058092368 day__border"
        >
          16
        </span>
      </button>
    </li>
    <li
      className="jsx-893175612"
    >
      <button
        className="jsx-1058092368 day"
        data-day="2018-03-17"
        onClick={[Function]}
        type="button"
      >
        <span
          className="jsx-1058092368 day__border"
        >
          17
        </span>
      </button>
    </li>
    <li
      className="jsx-893175612"
    >
      <button
        className="jsx-1058092368 day"
        data-day="2018-03-18"
        onClick={[Function]}
        type="button"
      >
        <span
          className="jsx-1058092368 day__border"
        >
          18
        </span>
      </button>
    </li>
    <li
      className="jsx-893175612"
    >
      <button
        className="jsx-1058092368 day"
        data-day="2018-03-19"
        onClick={[Function]}
        type="button"
      >
        <span
          className="jsx-1058092368 day__border"
        >
          19
        </span>
      </button>
    </li>
    <li
      className="jsx-893175612"
    >
      <button
        className="jsx-1058092368 day"
        data-day="2018-03-20"
        onClick={[Function]}
        type="button"
      >
        <span
          className="jsx-1058092368 day__border"
        >
          20
        </span>
      </button>
    </li>
    <li
      className="jsx-893175612"
    >
      <button
        className="jsx-1058092368 day"
        data-day="2018-03-21"
        onClick={[Function]}
        type="button"
      >
        <span
          className="jsx-1058092368 day__border"
        >
          21
        </span>
      </button>
    </li>
    <li
      className="jsx-893175612"
    >
      <button
        className="jsx-1058092368 day"
        data-day="2018-03-22"
        onClick={[Function]}
        type="button"
      >
        <span
          className="jsx-1058092368 day__border"
        >
          22
        </span>
      </button>
    </li>
    <li
      className="jsx-893175612"
    >
      <button
        className="jsx-1058092368 day"
        data-day="2018-03-23"
        onClick={[Function]}
        type="button"
      >
        <span
          className="jsx-1058092368 day__border"
        >
          23
        </span>
      </button>
    </li>
    <li
      className="jsx-893175612"
    >
      <button
        className="jsx-1058092368 day"
        data-day="2018-03-24"
        onClick={[Function]}
        type="button"
      >
        <span
          className="jsx-1058092368 day__border"
        >
          24
        </span>
      </button>
    </li>
    <li
      className="jsx-893175612"
    >
      <button
        className="jsx-1058092368 day"
        data-day="2018-03-25"
        onClick={[Function]}
        type="button"
      >
        <span
          className="jsx-1058092368 day__border"
        >
          25
        </span>
      </button>
    </li>
    <li
      className="jsx-893175612"
    >
      <button
        className="jsx-1058092368 day"
        data-day="2018-03-26"
        onClick={[Function]}
        type="button"
      >
        <span
          className="jsx-1058092368 day__border"
        >
          26
        </span>
      </button>
    </li>
    <li
      className="jsx-893175612"
    >
      <button
        className="jsx-1058092368 day"
        data-day="2018-03-27"
        onClick={[Function]}
        type="button"
      >
        <span
          className="jsx-1058092368 day__border"
        >
          27
        </span>
      </button>
    </li>
    <li
      className="jsx-893175612"
    >
      <button
        className="jsx-1058092368 day"
        data-day="2018-03-28"
        onClick={[Function]}
        type="button"
      >
        <span
          className="jsx-1058092368 day__border"
        >
          28
        </span>
      </button>
    </li>
    <li
      className="jsx-893175612"
    >
      <button
        className="jsx-1058092368 day"
        data-day="2018-03-29"
        onClick={[Function]}
        type="button"
      >
        <span
          className="jsx-1058092368 day__border"
        >
          29
        </span>
      </button>
    </li>
    <li
      className="jsx-893175612"
    >
      <button
        className="jsx-1058092368 day"
        data-day="2018-03-30"
        onClick={[Function]}
        type="button"
      >
        <span
          className="jsx-1058092368 day__border"
        >
          30
        </span>
      </button>
    </li>
    <li
      className="jsx-893175612"
    >
      <button
        className="jsx-1058092368 day"
        data-day="2018-03-31"
        onClick={[Function]}
        type="button"
      >
        <span
          className="jsx-1058092368 day__border"
        >
          31
        </span>
      </button>
    </li>
  </ul>
</div>
`;
