// Jest Snapshot v1, https://goo.gl/fbAQLP

exports[`renders correctly 1`] = `
<div
  className="jsx-1550507998 card"
  style={Object {}}
>
  test
</div>
`;
