// Jest Snapshot v1, https://goo.gl/fbAQLP

exports[`renders correctly 1`] = `
<div
  className="jsx-1685083184 jsx-4038665278 jsx-2062352977 jsx-904933394 jsx-2140168082 form-field"
>
  <fieldset
    className="jsx-1685083184 jsx-4038665278 jsx-2062352977 jsx-904933394 jsx-2140168082 fieldset"
  >
    <legend
      className="jsx-1685083184 jsx-4038665278 jsx-2062352977 jsx-904933394 jsx-2140168082 legend"
    >
      Label
    </legend>
    <div
      className="jsx-1685083184 jsx-4038665278 jsx-2062352977 jsx-904933394 jsx-2140168082 radio-buttons"
    >
      <label
        className="jsx-1685083184 jsx-4038665278 jsx-2062352977 jsx-904933394 jsx-2140168082 radio-button"
      >
        male
        <input
          className="jsx-1685083184 jsx-4038665278 jsx-2062352977 jsx-904933394 jsx-2140168082 "
          defaultChecked={false}
          name="gender"
          type="radio"
          value="male"
        />
      </label>
      <label
        className="jsx-1685083184 jsx-4038665278 jsx-2062352977 jsx-904933394 jsx-2140168082 radio-button"
      >
        female
        <input
          className="jsx-1685083184 jsx-4038665278 jsx-2062352977 jsx-904933394 jsx-2140168082 "
          defaultChecked={false}
          name="gender"
          type="radio"
          value="female"
        />
      </label>
    </div>
  </fieldset>
</div>
`;
